#
# Autogenerated by generate-bytecode-expectations.
#

---
pool type: number
execute: yes
wrap: no
test function name: f

---
snippet: "
  var f;
  f = function f() {};
  f();
"
frame size: 1
parameter count: 1
bytecode array length: 7
bytecodes: [
  B(StackCheck),
  B(Ldar), R(closure),
  B(Star), R(0),
  B(LdaUndefined),
  B(Return),
]
constant pool: [
]
handlers: [
]

---
snippet: "
  var f;
  f = function f() { return f; };
  f();
"
frame size: 1
parameter count: 1
bytecode array length: 6
bytecodes: [
  B(StackCheck),
  B(Ldar), R(closure),
  B(Star), R(0),
  B(Return),
]
constant pool: [
]
handlers: [
]

